Component: ARM Compiler 5.06 update 5 (build 528) Tool: armlink [4d35e2]

==============================================================================

Section Cross References

    main.o(.text) refers to _printf_percent.o(.ARM.Collect$$_printf_percent$$00000000) for _printf_percent
    main.o(.text) refers to _printf_d.o(.ARM.Collect$$_printf_percent$$00000009) for _printf_d
    main.o(.text) refers to _printf_dec.o(.text) for _printf_int_dec
    main.o(.text) refers to utility.o(.text) for taskacc
    main.o(.text) refers to stratagy.o(.text) for goalWallchange
    main.o(.text) refers to stmflash.o(.text) for Block_Write
    main.o(.text) refers to stratagy.o(.data) for GucMouseTask
    main.o(.text) refers to stratagy.o(.bss) for GucMapBlock
    main.o(.text) refers to main.o(.data) for ucTemp
    main.o(.text) refers to utility.o(.data) for goal_keep_flag
    main.o(.text) refers to timer.o(.data) for tick
    main.o(.text) refers to delay.o(.text) for delay_ms
    main.o(.text) refers to led.o(.text) for ledon
    main.o(.text) refers to adc.o(.data) for biaodingmode
    main.o(.text) refers to stmflash.o(.constdata) for save_num
    main.o(.text) refers to noretval__2printf.o(.text) for __2printf
    main.o(.text) refers to timer.o(.constdata) for dis2wall
    main.o(.text) refers to main.o(.conststring) for .conststring
    main.o(.text) refers to cpu_core.o(.text) for CPU_Init
    main.o(.text) refers to os_stat.o(.text) for OSStatTaskCPUUsageInit
    main.o(.text) refers to os_core.o(.text) for OSSchedRoundRobinCfg
    main.o(.text) refers to cpu_a.o(.text) for CPU_SR_Save
    main.o(.text) refers to os_sem.o(.text) for OSSemCreate
    main.o(.text) refers to os_task.o(.text) for OSTaskCreate
    main.o(.text) refers to sys.o(.text) for Stm32_Clock_Init
    main.o(.text) refers to usart.o(.text) for uart_init
    main.o(.text) refers to adc.o(.text) for Adc_Init
    main.o(.text) refers to timer.o(.text) for PWM_motor_Init
    main.o(.text) refers to os_var.o(.data) for OSSchedLockNestingCtr
    main.o(.text) refers to main.o(.bss) for BACKGROUND_SEM
    main.o(.text) refers to misc.o(.text) for NVIC_PriorityGroupConfig
    main.o(.text) refers to dflt_clz.o(x$fpl$dflt) for __aeabi_i2d
    system_stm32f10x.o(.text) refers to system_stm32f10x.o(.data) for SystemCoreClock
    led.o(.text) refers to _printf_percent.o(.ARM.Collect$$_printf_percent$$00000000) for _printf_percent
    led.o(.text) refers to _printf_d.o(.ARM.Collect$$_printf_percent$$00000009) for _printf_d
    led.o(.text) refers to _printf_dec.o(.text) for _printf_int_dec
    led.o(.text) refers to noretval__2printf.o(.text) for __2printf
    led.o(.text) refers to stratagy.o(.data) for GmcMouse
    led.o(.text) refers to main.o(.data) for blockx
    led.o(.text) refers to stratagy.o(.bss) for GucMapBlock
    adc.o(.text) refers to delay.o(.text) for delay_us
    adc.o(.text) refers to daddsub_clz.o(x$fpl$dadd) for __aeabi_dadd
    adc.o(.text) refers to ddiv.o(x$fpl$ddiv) for __aeabi_ddiv
    adc.o(.text) refers to dflt_clz.o(x$fpl$dfltu) for __aeabi_ui2d
    adc.o(.text) refers to daddsub_clz.o(x$fpl$dsub) for __aeabi_dsub
    adc.o(.text) refers to dmul.o(x$fpl$dmul) for __aeabi_dmul
    adc.o(.text) refers to adc.o(.data) for TempL
    adc.o(.text) refers to dfix.o(x$fpl$dfix) for __aeabi_d2iz
    adc.o(.text) refers to dfixu.o(x$fpl$dfixu) for __aeabi_d2uiz
    adc.o(.text) refers to deqf.o(x$fpl$deqf) for __aeabi_cdcmpeq
    adc.o(.text) refers to timer.o(.data) for disf1
    adc.o(.text) refers to dflt_clz.o(x$fpl$dflt) for __aeabi_i2d
    adc.o(.text) refers to log.o(i.log) for log
    adc.o(.text) refers to exp.o(i.exp) for exp
    stmflash.o(.text) refers to _printf_percent.o(.ARM.Collect$$_printf_percent$$00000000) for _printf_percent
    stmflash.o(.text) refers to _printf_d.o(.ARM.Collect$$_printf_percent$$00000009) for _printf_d
    stmflash.o(.text) refers to _printf_dec.o(.text) for _printf_int_dec
    stmflash.o(.text) refers to delay.o(.text) for delay_us
    stmflash.o(.text) refers to noretval__2printf.o(.text) for __2printf
    stmflash.o(.text) refers to timer.o(.data) for gangle
    stmflash.o(.text) refers to stmflash.o(.bss) for run_data
    stmflash.o(.text) refers to main.o(.data) for flashaddr
    stmflash.o(.text) refers to stmflash.o(.data) for printf_line
    stmflash.o(.text) refers to stratagy.o(.bss) for GucMapBlock
    stmflash.o(.text) refers to stratagy.o(.data) for GucXStart
    stmflash.o(.text) refers to utility.o(.data) for goal_keep_flag
    timer.o(.text) refers to timer.o(.bss) for queue
    timer.o(.text) refers to timer.o(.data) for queuenum
    delay.o(.text) refers to misc.o(.text) for SysTick_CLKSourceConfig
    delay.o(.text) refers to system_stm32f10x.o(.data) for SystemCoreClock
    delay.o(.text) refers to delay.o(.data) for fac_us
    usart.o(.text) refers (Special) to use_no_semi_2.o(.text) for __use_no_semihosting
[...]
    __aeabi_ddiv                             0x080155ed   Thumb Code     0  ddiv.o(x$fpl$ddiv)
    _ddiv                                    0x080155ed   Thumb Code   552  ddiv.o(x$fpl$ddiv)
    __aeabi_cdcmpeq                          0x0801589d   Thumb Code     0  deqf.o(x$fpl$deqf)
    _dcmpeq                                  0x0801589d   Thumb Code   120  deqf.o(x$fpl$deqf)
    __aeabi_d2iz                             0x08015915   Thumb Code     0  dfix.o(x$fpl$dfix)
    _dfix                                    0x08015915   Thumb Code    94  dfix.o(x$fpl$dfix)
    __aeabi_d2uiz                            0x08015975   Thumb Code     0  dfixu.o(x$fpl$dfixu)
    _dfixu                                   0x08015975   Thumb Code    90  dfixu.o(x$fpl$dfixu)
    __aeabi_i2d                              0x080159cf   Thumb Code     0  dflt_clz.o(x$fpl$dflt)
    _dflt                                    0x080159cf   Thumb Code    46  dflt_clz.o(x$fpl$dflt)
    __aeabi_ui2d                             0x080159fd   Thumb Code     0  dflt_clz.o(x$fpl$dfltu)
    _dfltu                                   0x080159fd   Thumb Code    38  dflt_clz.o(x$fpl$dfltu)
    __aeabi_cdcmple                          0x08015a25   Thumb Code     0  dleqf.o(x$fpl$dleqf)
    _dcmple                                  0x08015a25   Thumb Code   120  dleqf.o(x$fpl$dleqf)
    __fpl_dcmple_InfNaN                      0x08015a87   Thumb Code     0  dleqf.o(x$fpl$dleqf)
    __aeabi_dmul                             0x08015a9d   Thumb Code     0  dmul.o(x$fpl$dmul)
    _dmul                                    0x08015a9d   Thumb Code   332  dmul.o(x$fpl$dmul)
    __fpl_dnaninf                            0x08015bf1   Thumb Code   156  dnaninf.o(x$fpl$dnaninf)
    __fpl_dretinf                            0x08015c8d   Thumb Code    12  dretinf.o(x$fpl$dretinf)
    __aeabi_cdrcmple                         0x08015c99   Thumb Code     0  drleqf.o(x$fpl$drleqf)
    _drcmple                                 0x08015c99   Thumb Code   108  drleqf.o(x$fpl$drleqf)
    __aeabi_drsub                            0x08015d05   Thumb Code     0  daddsub_clz.o(x$fpl$drsb)
    _drsb                                    0x08015d05   Thumb Code    22  daddsub_clz.o(x$fpl$drsb)
    __aeabi_dsub                             0x08015d1d   Thumb Code     0  daddsub_clz.o(x$fpl$dsub)
    _dsub                                    0x08015d1d   Thumb Code   464  daddsub_clz.o(x$fpl$dsub)
    __aeabi_f2d                              0x08015ef1   Thumb Code     0  f2d.o(x$fpl$f2d)
    _f2d                                     0x08015ef1   Thumb Code    86  f2d.o(x$fpl$f2d)
    __aeabi_fadd                             0x08015f49   Thumb Code     0  faddsub_clz.o(x$fpl$fadd)
    _fadd                                    0x08015f49   Thumb Code   196  faddsub_clz.o(x$fpl$fadd)
    __fpl_fcmp_Inf                           0x0801600d   Thumb Code    24  fcmpi.o(x$fpl$fcmpinf)
    __aeabi_fdiv                             0x08016025   Thumb Code     0  fdiv.o(x$fpl$fdiv)
    _fdiv                                    0x08016025   Thumb Code   384  fdiv.o(x$fpl$fdiv)
    __aeabi_f2uiz                            0x080161a9   Thumb Code     0  ffixu.o(x$fpl$ffixu)
    _ffixu                                   0x080161a9   Thumb Code    62  ffixu.o(x$fpl$ffixu)
    __aeabi_i2f                              0x080161e9   Thumb Code     0  fflt_clz.o(x$fpl$fflt)
    _fflt                                    0x080161e9   Thumb Code    48  fflt_clz.o(x$fpl$fflt)
    __aeabi_ui2f                             0x08016219   Thumb Code     0  fflt_clz.o(x$fpl$ffltu)
    _ffltu                                   0x08016219   Thumb Code    38  fflt_clz.o(x$fpl$ffltu)
    __aeabi_cfcmple                          0x08016241   Thumb Code     0  fleqf.o(x$fpl$fleqf)
    _fcmple                                  0x08016241   Thumb Code   104  fleqf.o(x$fpl$fleqf)
    __fpl_fcmple_InfNaN                      0x08016293   Thumb Code     0  fleqf.o(x$fpl$fleqf)
    __aeabi_fmul                             0x080162a9   Thumb Code     0  fmul.o(x$fpl$fmul)
    _fmul                                    0x080162a9   Thumb Code   258  fmul.o(x$fpl$fmul)
    __fpl_fnaninf                            0x080163ab   Thumb Code   140  fnaninf.o(x$fpl$fnaninf)
    __fpl_fretinf                            0x08016437   Thumb Code    10  fretinf.o(x$fpl$fretinf)
    __aeabi_frsub                            0x08016441   Thumb Code     0  faddsub_clz.o(x$fpl$frsb)
    _frsb                                    0x08016441   Thumb Code    20  faddsub_clz.o(x$fpl$frsb)
    __aeabi_fsub                             0x08016455   Thumb Code     0  faddsub_clz.o(x$fpl$fsub)
    _fsub                                    0x08016455   Thumb Code   234  faddsub_clz.o(x$fpl$fsub)
    __fpl_return_NaN                         0x0801653f   Thumb Code   100  retnan.o(x$fpl$retnan)
    __ARM_scalbn                             0x080165a3   Thumb Code    92  scalbn.o(x$fpl$scalbn)
    __fpl_cmpreturn                          0x080165ff   Thumb Code    48  trapv.o(x$fpl$trapveneer)
    __I$use$fp                               0x0801662e   Number         0  usenofp.o(x$fpl$usenofp)
    save_num                                 0x0801662e   Data           2  stmflash.o(.constdata)
    per_timer                                0x08016630   Data           1  stmflash.o(.constdata)
    angleratio                               0x08016638   Data           2  timer.o(.constdata)
    gangleratio                              0x0801663a   Data           2  timer.o(.constdata)
    TrackRatioL                              0x0801663c   Data           4  timer.o(.constdata)
    TrackRatioR                              0x08016640   Data           4  timer.o(.constdata)
    SpeedRatioL                              0x08016648   Data           8  timer.o(.constdata)
    SpeedRatioR                              0x08016650   Data           8  timer.o(.constdata)
    dis2wall                                 0x08016658   Data           1  timer.o(.constdata)
    trackcoor                                0x08016659   Data           1  timer.o(.constdata)
    CPU_EndiannessTest                       0x0801675c   Data           4  cpu_core.o(.constdata)
    OSCfg_IdleTaskStkBasePtr                 0x080167f4   Data           4  os_cfg_app.o(.constdata)
    OSCfg_IdleTaskStkLimit                   0x080167f8   Data           4  os_cfg_app.o(.constdata)
    OSCfg_IdleTaskStkSize                    0x080167fc   Data           4  os_cfg_app.o(.constdata)
    OSCfg_IdleTaskStkSizeRAM                 0x08016800   Data           4  os_cfg_app.o(.constdata)
    OSCfg_IntQBasePtr                        0x08016804   Data           4  os_cfg_app.o(.constdata)
    OSCfg_IntQSize                           0x08016808   Data           2  os_cfg_app.o(.constdata)
    OSCfg_IntQSizeRAM                        0x0801680c   Data           4  os_cfg_app.o(.constdata)
    OSCfg_IntQTaskStkBasePtr                 0x08016810   Data           4  os_cfg_app.o(.constdata)
    OSCfg_IntQTaskStkLimit                   0x08016814   Data           4  os_cfg_app.o(.constdata)
    OSCfg_IntQTaskStkSize                    0x08016818   Data           4  os_cfg_app.o(.constdata)
    OSCfg_IntQTaskStkSizeRAM                 0x0801681c   Data           4  os_cfg_app.o(.constdata)
    OSCfg_ISRStkBasePtr                      0x08016820   Data           4  os_cfg_app.o(.constdata)
    OSCfg_ISRStkSize                         0x08016824   Data           4  os_cfg_app.o(.constdata)
    OSCfg_ISRStkSizeRAM                      0x08016828   Data           4  os_cfg_app.o(.constdata)
    OSCfg_MsgPoolSize                        0x0801682c   Data           2  os_cfg_app.o(.constdata)
    OSCfg_MsgPoolSizeRAM                     0x08016830   Data           4  os_cfg_app.o(.constdata)
    OSCfg_MsgPoolBasePtr                     0x08016834   Data           4  os_cfg_app.o(.constdata)
    OSCfg_StatTaskPrio                       0x08016838   Data           1  os_cfg_app.o(.constdata)
    OSCfg_StatTaskRate_Hz                    0x0801683c   Data           4  os_cfg_app.o(.constdata)
    OSCfg_StatTaskStkBasePtr                 0x08016840   Data           4  os_cfg_app.o(.constdata)
    OSCfg_StatTaskStkLimit                   0x08016844   Data           4  os_cfg_app.o(.constdata)
    OSCfg_StatTaskStkSize                    0x08016848   Data           4  os_cfg_app.o(.constdata)
    OSCfg_StatTaskStkSizeRAM                 0x0801684c   Data           4  os_cfg_app.o(.constdata)
    OSCfg_StkSizeMin                         0x08016850   Data           4  os_cfg_app.o(.constdata)
    OSCfg_TickRate_Hz                        0x08016854   Data           4  os_cfg_app.o(.constdata)
    OSCfg_TickTaskPrio                       0x08016858   Data           1  os_cfg_app.o(.constdata)
    OSCfg_TickTaskStkBasePtr                 0x0801685c   Data           4  os_cfg_app.o(.constdata)
    OSCfg_TickTaskStkLimit                   0x08016860   Data           4  os_cfg_app.o(.constdata)
    OSCfg_TickTaskStkSize                    0x08016864   Data           4  os_cfg_app.o(.constdata)
    OSCfg_TickTaskStkSizeRAM                 0x08016868   Data           4  os_cfg_app.o(.constdata)
    OSCfg_TickWheelSize                      0x0801686c   Data           2  os_cfg_app.o(.constdata)
    OSCfg_TickWheelSizeRAM                   0x08016870   Data           4  os_cfg_app.o(.constdata)
    OSCfg_TmrTaskPrio                        0x08016874   Data           1  os_cfg_app.o(.constdata)
    OSCfg_TmrTaskRate_Hz                     0x08016878   Data           4  os_cfg_app.o(.constdata)
    OSCfg_TmrTaskStkBasePtr                  0x0801687c   Data           4  os_cfg_app.o(.constdata)
    OSCfg_TmrTaskStkLimit                    0x08016880   Data           4  os_cfg_app.o(.constdata)
    OSCfg_TmrTaskStkSize                     0x08016884   Data           4  os_cfg_app.o(.constdata)
    OSCfg_TmrTaskStkSizeRAM                  0x08016888   Data           4  os_cfg_app.o(.constdata)
    OSCfg_TmrWheelSize                       0x0801688c   Data           2  os_cfg_app.o(.constdata)
    OSCfg_TmrWheelSizeRAM                    0x08016890   Data           4  os_cfg_app.o(.constdata)
    OSCfg_DataSizeRAM                        0x08016894   Data           4  os_cfg_app.o(.constdata)
    OSDbg_DbgEn                              0x08016898   Data           2  os_dbg.o(.constdata)
    OSDbg_ArgChkEn                           0x0801689a   Data           1  os_dbg.o(.constdata)
    OSDbg_AppHooksEn                         0x0801689b   Data           1  os_dbg.o(.constdata)
    OSDbg_EndiannessTest                     0x0801689c   Data           4  os_dbg.o(.constdata)
    OSDbg_CalledFromISRChkEn                 0x080168a0   Data           1  os_dbg.o(.constdata)
    OSDbg_FlagEn                             0x080168a1   Data           1  os_dbg.o(.constdata)
    OSDbg_FlagGrp                            0x080168a4   Data          40  os_dbg.o(.constdata)
    OSDbg_FlagDelEn                          0x080168cc   Data           1  os_dbg.o(.constdata)
    OSDbg_FlagModeClrEn                      0x080168cd   Data           1  os_dbg.o(.constdata)
    OSDbg_FlagPendAbortEn                    0x080168ce   Data           1  os_dbg.o(.constdata)
    OSDbg_FlagGrpSize                        0x080168d0   Data           2  os_dbg.o(.constdata)
    OSDbg_FlagWidth                          0x080168d2   Data           2  os_dbg.o(.constdata)
    OSDbg_IntQ                               0x080168d4   Data           2  os_dbg.o(.constdata)
    OSDbg_ISRPostDeferredEn                  0x080168d6   Data           1  os_dbg.o(.constdata)
    OSDbg_Mem                                0x080168d8   Data          32  os_dbg.o(.constdata)
    OSDbg_MemEn                              0x080168f8   Data           1  os_dbg.o(.constdata)
    OSDbg_MemSize                            0x080168fa   Data           2  os_dbg.o(.constdata)
    OSDbg_MsgEn                              0x080168fc   Data           1  os_dbg.o(.constdata)
    OSDbg_MsgSize                            0x080168fe   Data           2  os_dbg.o(.constdata)
    OSDbg_MsgPoolSize                        0x08016900   Data           2  os_dbg.o(.constdata)
    OSDbg_MsgQSize                           0x08016902   Data           2  os_dbg.o(.constdata)
    OSDbg_Mutex                              0x08016904   Data          44  os_dbg.o(.constdata)
    OSDbg_MutexEn                            0x08016930   Data           1  os_dbg.o(.constdata)
    OSDbg_MutexDelEn                         0x08016931   Data           1  os_dbg.o(.constdata)
    OSDbg_MutexPendAbortEn                   0x08016932   Data           1  os_dbg.o(.constdata)
    OSDbg_MutexSize                          0x08016934   Data           2  os_dbg.o(.constdata)
    OSDbg_ObjTypeChkEn                       0x08016936   Data           1  os_dbg.o(.constdata)
    OSDbg_PendMultiEn                        0x08016937   Data           1  os_dbg.o(.constdata)
    OSDbg_PendDataSize                       0x08016938   Data           2  os_dbg.o(.constdata)
    OSDbg_PendListSize                       0x0801693a   Data           2  os_dbg.o(.constdata)
    OSDbg_PendObjSize                        0x0801693c   Data           2  os_dbg.o(.constdata)
    OSDbg_PrioMax                            0x0801693e   Data           2  os_dbg.o(.constdata)
    OSDbg_PrioTblSize                        0x08016940   Data           2  os_dbg.o(.constdata)
    OSDbg_PtrSize                            0x08016942   Data           2  os_dbg.o(.constdata)
    OSDbg_Q                                  0x08016944   Data          48  os_dbg.o(.constdata)
    OSDbg_QEn                                0x08016974   Data           1  os_dbg.o(.constdata)
    OSDbg_QDelEn                             0x08016975   Data           1  os_dbg.o(.constdata)
    OSDbg_QFlushEn                           0x08016976   Data           1  os_dbg.o(.constdata)
    OSDbg_QPendAbortEn                       0x08016977   Data           1  os_dbg.o(.constdata)
    OSDbg_QSize                              0x08016978   Data           2  os_dbg.o(.constdata)
    OSDbg_SchedRoundRobinEn                  0x0801697a   Data           1  os_dbg.o(.constdata)
    OSDbg_Sem                                0x0801697c   Data          40  os_dbg.o(.constdata)
    OSDbg_SemEn                              0x080169a4   Data           1  os_dbg.o(.constdata)
    OSDbg_SemDelEn                           0x080169a5   Data           1  os_dbg.o(.constdata)
    OSDbg_SemPendAbortEn                     0x080169a6   Data           1  os_dbg.o(.constdata)
    OSDbg_SemSetEn                           0x080169a7   Data           1  os_dbg.o(.constdata)
    OSDbg_SemSize                            0x080169a8   Data           2  os_dbg.o(.constdata)
    OSDbg_RdyList                            0x080169aa   Data           2  os_dbg.o(.constdata)
    OSDbg_RdyListSize                        0x080169ac   Data           4  os_dbg.o(.constdata)
    OSDbg_StkWidth                           0x080169b0   Data           1  os_dbg.o(.constdata)
    OSDbg_StatTaskEn                         0x080169b1   Data           1  os_dbg.o(.constdata)
    OSDbg_StatTaskStkChkEn                   0x080169b2   Data           1  os_dbg.o(.constdata)
    OSDbg_TaskChangePrioEn                   0x080169b3   Data           1  os_dbg.o(.constdata)
    OSDbg_TaskDelEn                          0x080169b4   Data           1  os_dbg.o(.constdata)
    OSDbg_TaskQEn                            0x080169b5   Data           1  os_dbg.o(.constdata)
    OSDbg_TaskQPendAbortEn                   0x080169b6   Data           1  os_dbg.o(.constdata)
    OSDbg_TaskProfileEn                      0x080169b7   Data           1  os_dbg.o(.constdata)
    OSDbg_TaskRegTblSize                     0x080169b8   Data           2  os_dbg.o(.constdata)
    OSDbg_TaskSemPendAbortEn                 0x080169ba   Data           1  os_dbg.o(.constdata)
    OSDbg_TaskSuspendEn                      0x080169bb   Data           1  os_dbg.o(.constdata)
    OSDbg_TCBSize                            0x080169bc   Data           2  os_dbg.o(.constdata)
    OSDbg_TickSpokeSize                      0x080169be   Data           2  os_dbg.o(.constdata)
    OSDbg_TimeDlyHMSMEn                      0x080169c0   Data           1  os_dbg.o(.constdata)
    OSDbg_TimeDlyResumeEn                    0x080169c1   Data           1  os_dbg.o(.constdata)
    OSDbg_TLS_TblSize                        0x080169c2   Data           2  os_dbg.o(.constdata)
    OSDbg_Tmr                                0x080169c4   Data          52  os_dbg.o(.constdata)
    OSDbg_TmrEn                              0x080169f8   Data           1  os_dbg.o(.constdata)
    OSDbg_TmrDelEn                           0x080169f9   Data           1  os_dbg.o(.constdata)
    OSDbg_TmrSize                            0x080169fa   Data           2  os_dbg.o(.constdata)
    OSDbg_TmrSpokeSize                       0x080169fc   Data           2  os_dbg.o(.constdata)
    OSDbg_VersionNbr                         0x080169fe   Data           2  os_dbg.o(.constdata)
    OSDbg_DataSize                           0x08016a00   Data           4  os_dbg.o(.constdata)
    gyro_l_spurt                             0x08016a04   Data         386  utility.o(.constdata)
    gyro_r_spurt                             0x08016b86   Data         386  utility.o(.constdata)
    vouter_spurt                             0x08016d08   Data         386  utility.o(.constdata)
    vinner_spurt                             0x08016e8a   Data         386  utility.o(.constdata)
    gyro_l_search                            0x0801700c   Data         432  utility.o(.constdata)
    gyro_r_search                            0x080171bc   Data         432  utility.o(.constdata)
    vouter_search                            0x0801736c   Data         432  utility.o(.constdata)
    vinner_search                            0x0801751c   Data         432  utility.o(.constdata)
    gyro_around                              0x080176cc   Data         534  utility.o(.constdata)
    vl_around                                0x080178e2   Data         534  utility.o(.constdata)
    vr_around                                0x08017af8   Data         534  utility.o(.constdata)
    gyro_l_point                             0x08017d0e   Data         464  utility.o(.constdata)
    gyro_r_point                             0x08017ede   Data         464  utility.o(.constdata)
    vouter_point                             0x080180ae   Data         464  utility.o(.constdata)
    vinner_point                             0x0801827e   Data         464  utility.o(.constdata)
    gyro_lt90_low                            0x0801844e   Data         432  utility.o(.constdata)
    gyro_rt90_low                            0x080185fe   Data         432  utility.o(.constdata)
    vouter_t90_low                           0x080187ae   Data         432  utility.o(.constdata)
    vinner_t90_low                           0x0801895e   Data         432  utility.o(.constdata)
    gyro_lv90_low                            0x08018b0e   Data         374  utility.o(.constdata)
    gyro_rv90_low                            0x08018c84   Data         374  utility.o(.constdata)
    vouter_v90_low                           0x08018dfa   Data         374  utility.o(.constdata)
    vinner_v90_low                           0x08018f70   Data         374  utility.o(.constdata)
    gyro_lt45_low                            0x080190e6   Data         304  utility.o(.constdata)
    gyro_rt45_low                            0x08019216   Data         304  utility.o(.constdata)
    vouter_t45_low                           0x08019346   Data         304  utility.o(.constdata)
    vinner_t45_low                           0x08019476   Data         304  utility.o(.constdata)
    gyro_lv45_low                            0x080195a6   Data         342  utility.o(.constdata)
    gyro_rv45_low                            0x080196fc   Data         342  utility.o(.constdata)
    vouter_v45_low                           0x08019852   Data         342  utility.o(.constdata)
    vinner_v45_low                           0x080199a8   Data         342  utility.o(.constdata)
    gyro_lt135_low                           0x08019afe   Data         604  utility.o(.constdata)
    gyro_rt135_low                           0x08019d5a   Data         604  utility.o(.constdata)
    vouter_t135_low                          0x08019fb6   Data         604  utility.o(.constdata)
    vinner_t135_low                          0x0801a212   Data         604  utility.o(.constdata)
    gyro_lv135_low                           0x0801a46e   Data         588  utility.o(.constdata)
    gyro_rv135_low                           0x0801a6ba   Data         588  utility.o(.constdata)
    vouter_v135_low                          0x0801a906   Data         588  utility.o(.constdata)
    vinner_v135_low                          0x0801ab52   Data         588  utility.o(.constdata)
    gyro_l180_low                            0x0801ad9e   Data         658  utility.o(.constdata)
    gyro_r180_low                            0x0801b030   Data         658  utility.o(.constdata)
    vouter_180_low                           0x0801b2c2   Data         658  utility.o(.constdata)
    vinner_180_low                           0x0801b554   Data         658  utility.o(.constdata)
    __mathlib_zero                           0x0801b878   Data           8  qnan.o(.constdata)
    Region$$Table$$Base                      0x0801b91c   Number         0  anon$$obj.o(Region$$Table)
    Region$$Table$$Limit                     0x0801b93c   Number         0  anon$$obj.o(Region$$Table)
    testi                                    0x20000000   Data           4  main.o(.data)
    goout                                    0x20000004   Data           4  main.o(.data)
    Test_Time_Flag                           0x20000008   Data           2  main.o(.data)
    LTopSpeedh                               0x2000000c   Data           4  main.o(.data)
    L45TopSpeedh                             0x20000010   Data           4  main.o(.data)
    BackTopSpeedh                            0x20000014   Data           4  main.o(.data)
    ledcontrol                               0x20000018   Data           2  main.o(.data)
    turndir                                  0x2000001a   Data           1  main.o(.data)
    goaheadnum                               0x2000001b   Data           1  main.o(.data)
    BackSearchFlag                           0x2000001c   Data           1  main.o(.data)
    blockx                                   0x2000001d   Data           1  main.o(.data)
    blocky                                   0x2000001e   Data           1  main.o(.data)
    SearchOrSpurt_Flag                       0x2000001f   Data           1  main.o(.data)
    GoOrBackFlag                             0x20000020   Data           1  main.o(.data)
    n                                        0x20000021   Data           1  main.o(.data)
    rawf1avrgnear                            0x20000024   Data           4  main.o(.data)
    rawf2avrgnear                            0x20000028   Data           4  main.o(.data)
    rawlavrgnear                             0x2000002c   Data           4  main.o(.data)
    rawravrgnear                             0x20000030   Data           4  main.o(.data)
    rawf1avrgfar                             0x20000034   Data           4  main.o(.data)
    rawf2avrgfar                             0x20000038   Data           4  main.o(.data)
    rawlavrgfar                              0x2000003c   Data           4  main.o(.data)
    rawravrgfar                              0x20000040   Data           4  main.o(.data)
    iii                                      0x20000044   Data           4  main.o(.data)
    showbattery                              0x20000048   Data           4  main.o(.data)
    flashaddr                                0x2000004c   Data           2  main.o(.data)
    flashaddrmax                             0x2000004e   Data           2  main.o(.data)
    flashreadtemp                            0x20000050   Data           2  main.o(.data)
    flashwrite                               0x20000052   Data           1  main.o(.data)
    flashenable                              0x20000053   Data           1  main.o(.data)
    irselftestdiff                           0x20000054   Data           4  main.o(.data)
    c                                        0x20000058   Data           1  main.o(.data)
    tmptt                                    0x2000005a   Data           2  main.o(.data)
    spurtmode                                0x2000005c   Data           1  main.o(.data)
    ucRoadStat                               0x2000005d   Data           1  main.o(.data)
    ucTemp                                   0x2000005e   Data           1  main.o(.data)
    m                                        0x2000005f   Data           1  main.o(.data)
    shortwayX                                0x20000060   Data           1  main.o(.data)
    shortwayY                                0x20000061   Data           1  main.o(.data)
    GoalGet                                  0x20000062   Data           1  main.o(.data)
    stepMax                                  0x20000063   Data           1  main.o(.data)
    stepMaxLimit                             0x20000064   Data           1  main.o(.data)
    tempX                                    0x20000065   Data           1  main.o(.data)
    tempY                                    0x20000066   Data           1  main.o(.data)
    tempCX1                                  0x20000067   Data           1  main.o(.data)
    tempCX2                                  0x20000068   Data           1  main.o(.data)
    tempCY1                                  0x20000069   Data           1  main.o(.data)
    tempCY2                                  0x2000006a   Data           1  main.o(.data)
    gox                                      0x2000006b   Data           1  main.o(.data)
    goy                                      0x2000006c   Data           1  main.o(.data)
    ft                                       0x20000070   Data           4  main.o(.data)
    flashtemp                                0x20000074   Data           4  main.o(.data)
    SystemCoreClock                          0x20000078   Data           4  system_stm32f10x.o(.data)
    AHBPrescTable                            0x2000007c   Data          16  system_stm32f10x.o(.data)
    dataf1                                   0x20000090   Data         500  adc.o(.data)
    dataf2                                   0x20000284   Data         500  adc.o(.data)
    datal                                    0x20000478   Data         500  adc.o(.data)
    datar                                    0x2000066c   Data         500  adc.o(.data)
    f1                                       0x20000860   Data           8  adc.o(.data)
    covf1                                    0x20000868   Data           8  adc.o(.data)
    f1tmp                                    0x20000870   Data           8  adc.o(.data)
    covf1tmp                                 0x20000878   Data           8  adc.o(.data)
    kf1                                      0x20000880   Data           8  adc.o(.data)
    Qf1                                      0x20000888   Data           8  adc.o(.data)
    Pf1                                      0x20000890   Data           8  adc.o(.data)
    f2                                       0x20000898   Data           8  adc.o(.data)
    covf2                                    0x200008a0   Data           8  adc.o(.data)
    f2tmp                                    0x200008a8   Data           8  adc.o(.data)
    covf2tmp                                 0x200008b0   Data           8  adc.o(.data)
    kf2                                      0x200008b8   Data           8  adc.o(.data)
    Qf2                                      0x200008c0   Data           8  adc.o(.data)
    Pf2                                      0x200008c8   Data           8  adc.o(.data)
    l                                        0x200008d0   Data           8  adc.o(.data)
    covl                                     0x200008d8   Data           8  adc.o(.data)
    ltmp                                     0x200008e0   Data           8  adc.o(.data)
    covltmp                                  0x200008e8   Data           8  adc.o(.data)
    kl                                       0x200008f0   Data           8  adc.o(.data)
    Ql                                       0x200008f8   Data           8  adc.o(.data)
    Pl                                       0x20000900   Data           8  adc.o(.data)
    r                                        0x20000908   Data           8  adc.o(.data)
    covr                                     0x20000910   Data           8  adc.o(.data)
    rtmp                                     0x20000918   Data           8  adc.o(.data)
    covrtmp                                  0x20000920   Data           8  adc.o(.data)
    kr                                       0x20000928   Data           8  adc.o(.data)
    Qr                                       0x20000930   Data           8  adc.o(.data)
    Pr                                       0x20000938   Data           8  adc.o(.data)
    TempL                                    0x20000940   Data           2  adc.o(.data)
    TempR                                    0x20000942   Data           2  adc.o(.data)
    rawf1                                    0x20000944   Data           4  adc.o(.data)
    rawf2                                    0x20000948   Data           4  adc.o(.data)
    rawl                                     0x2000094c   Data           4  adc.o(.data)
    rawr                                     0x20000950   Data           4  adc.o(.data)
    rawf1h                                   0x20000954   Data           4  adc.o(.data)
    rawf2h                                   0x20000958   Data           4  adc.o(.data)
    rawlh                                    0x2000095c   Data           4  adc.o(.data)
    rawrh                                    0x20000960   Data           4  adc.o(.data)
    kalmanswitch                             0x20000964   Data           1  adc.o(.data)
    biaodingmode                             0x20000965   Data           1  adc.o(.data)
    k                                        0x20000968   Data           8  adc.o(.data)
    d                                        0x20000970   Data           8  adc.o(.data)
    block_write_flag                         0x20000978   Data           1  stmflash.o(.data)
    printf_line                              0x2000097a   Data           2  stmflash.o(.data)
    led_test                                 0x20000980   Data           2  timer.o(.data)
    TIM2CNT                                  0x20000984   Data           4  timer.o(.data)
    save_data_temp                           0x20000988   Data           1  timer.o(.data)
    save_data_num                            0x2000098a   Data           2  timer.o(.data)
    save_data_time                           0x2000098c   Data           1  timer.o(.data)
    EMERGENCYON                              0x2000098d   Data           1  timer.o(.data)
    gangleSee                                0x2000098e   Data           1  timer.o(.data)
    isSpeedTest                              0x2000098f   Data           1  timer.o(.data)
    speedListL                               0x20000990   Data           4  timer.o(.data)
    speedListR                               0x20000994   Data           4  timer.o(.data)
    speedListi                               0x20000998   Data           4  timer.o(.data)
    sidewall_threshold                       0x2000099c   Data           1  timer.o(.data)
    speed_ss                                 0x2000099e   Data           2  timer.o(.data)
    speed_turn                               0x200009a0   Data           2  timer.o(.data)
    speed_fastss                             0x200009a2   Data           2  timer.o(.data)
    GOSTRAIGHT_kp                            0x200009a8   Data           8  timer.o(.data)
    SMARTSTRAIGHTFAST_bigerror_kp            0x200009b0   Data           8  timer.o(.data)
    SMARTSTRAIGHTFAST_smallerror_kp          0x200009b8   Data           8  timer.o(.data)
    STRAIGHT45_kp                            0x200009c0   Data           8  timer.o(.data)
    STRAIGHT45_kd                            0x200009c8   Data           8  timer.o(.data)
    turn_kp                                  0x200009d0   Data           8  timer.o(.data)
    turn_kd                                  0x200009d8   Data           8  timer.o(.data)
    SPURT90IR_kp1                            0x200009e0   Data           4  timer.o(.data)
    SPURT90IR_kp2                            0x200009e4   Data           4  timer.o(.data)
    SPURT90IR_kd                             0x200009e8   Data           4  timer.o(.data)
    SPURT90GYRO_kp                           0x200009ec   Data           4  timer.o(.data)
    SPURT90GYRO_kd                           0x200009f0   Data           4  timer.o(.data)
    kiturn                                   0x200009f8   Data           8  timer.o(.data)
    lw                                       0x20000a00   Data           4  timer.o(.data)
    rw                                       0x20000a04   Data           4  timer.o(.data)
    lwh                                      0x20000a08   Data           4  timer.o(.data)
    rwh                                      0x20000a0c   Data           4  timer.o(.data)
    gdspeedl                                 0x20000a10   Data           4  timer.o(.data)
    gdspeedr                                 0x20000a14   Data           4  timer.o(.data)
    speedl                                   0x20000a18   Data           4  timer.o(.data)
    speedr                                   0x20000a1c   Data           4  timer.o(.data)
    speed                                    0x20000a20   Data           4  timer.o(.data)
    setvl                                    0x20000a24   Data           4  timer.o(.data)
    setvr                                    0x20000a28   Data           4  timer.o(.data)
    gdvl                                     0x20000a30   Data           8  timer.o(.data)
    gdvr                                     0x20000a38   Data           8  timer.o(.data)
    errl                                     0x20000a40   Data           4  timer.o(.data)
    errlh                                    0x20000a44   Data           4  timer.o(.data)
    errr                                     0x20000a48   Data           4  timer.o(.data)
    errrh                                    0x20000a4c   Data           4  timer.o(.data)
    errls                                    0x20000a50   Data           4  timer.o(.data)
    errrs                                    0x20000a54   Data           4  timer.o(.data)
    pwml                                     0x20000a58   Data           8  timer.o(.data)
    pwmr                                     0x20000a60   Data           8  timer.o(.data)
    kpl                                      0x20000a68   Data           8  timer.o(.data)
    kil                                      0x20000a70   Data           8  timer.o(.data)
    kdl                                      0x20000a78   Data           8  timer.o(.data)
    kpr                                      0x20000a80   Data           8  timer.o(.data)
    kir                                      0x20000a88   Data           8  timer.o(.data)
    kdr                                      0x20000a90   Data           8  timer.o(.data)
    leftb                                    0x20000a98   Data           4  timer.o(.data)
    rightb                                   0x20000a9c   Data           4  timer.o(.data)
    leftbh                                   0x20000aa0   Data           4  timer.o(.data)
    rightbh                                  0x20000aa4   Data           4  timer.o(.data)
    loopahead                                0x20000aa8   Data           4  timer.o(.data)
    absoluteangle                            0x20000aac   Data           4  timer.o(.data)
    baseangle                                0x20000ab0   Data           4  timer.o(.data)
    angle                                    0x20000ab4   Data           4  timer.o(.data)
    angleskip                                0x20000ab8   Data           4  timer.o(.data)
    newindex                                 0x20000abc   Data           4  timer.o(.data)
    anglehismax                              0x20000ac0   Data           4  timer.o(.data)
    anglehismin                              0x20000ac4   Data           4  timer.o(.data)
    gangleh                                  0x20000ac8   Data           4  timer.o(.data)
    ganglehh                                 0x20000acc   Data           4  timer.o(.data)
    peakgangle                               0x20000ad0   Data           4  timer.o(.data)
    peakgangleh                              0x20000ad4   Data           4  timer.o(.data)
    gyroinit                                 0x20000ad8   Data           4  timer.o(.data)
    gyroswitch                               0x20000adc   Data           4  timer.o(.data)
    gyro                                     0x20000ae0   Data           4  timer.o(.data)
    gyro0                                    0x20000ae4   Data           4  timer.o(.data)
    gdiff                                    0x20000ae8   Data           4  timer.o(.data)
    gdiffh                                   0x20000aec   Data           4  timer.o(.data)
    gangle                                   0x20000af0   Data           4  timer.o(.data)
    ganglet                                  0x20000af4   Data           4  timer.o(.data)
    ggangleh                                 0x20000af8   Data           4  timer.o(.data)
    setgangle                                0x20000afc   Data           4  timer.o(.data)
    angle_counter                            0x20000b00   Data           2  timer.o(.data)
    angleterm                                0x20000b02   Data           1  timer.o(.data)
    gyro_adj                                 0x20000b03   Data           1  timer.o(.data)
    g                                        0x20000b08   Data           8  timer.o(.data)
    covg                                     0x20000b10   Data           8  timer.o(.data)
    gtmp                                     0x20000b18   Data           8  timer.o(.data)
    covgtmp                                  0x20000b20   Data           8  timer.o(.data)
    kg                                       0x20000b28   Data           8  timer.o(.data)
    Q                                        0x20000b30   Data           8  timer.o(.data)
    P                                        0x20000b38   Data           8  timer.o(.data)
    leftd                                    0x20000b40   Data           4  timer.o(.data)
    rightd                                   0x20000b44   Data           4  timer.o(.data)
    leftdh                                   0x20000b48   Data           4  timer.o(.data)
    rightdh                                  0x20000b4c   Data           4  timer.o(.data)
    leftcycle                                0x20000b50   Data           4  timer.o(.data)
    rightcycle                               0x20000b54   Data           4  timer.o(.data)
    absolutetrack                            0x20000b58   Data           4  timer.o(.data)
    absolutetrackl                           0x20000b5c   Data           4  timer.o(.data)
    absolutetrackr                           0x20000b60   Data           4  timer.o(.data)
    basetrack                                0x20000b64   Data           4  timer.o(.data)
    basetrackl                               0x20000b68   Data           4  timer.o(.data)
    basetrackr                               0x20000b6c   Data           4  timer.o(.data)
    trackl                                   0x20000b70   Data           4  timer.o(.data)
    trackr                                   0x20000b74   Data           4  timer.o(.data)
    track                                    0x20000b78   Data           4  timer.o(.data)
    disf1                                    0x20000b7c   Data           4  timer.o(.data)
    disf2                                    0x20000b80   Data           4  timer.o(.data)
    disf                                     0x20000b84   Data           4  timer.o(.data)
    disl                                     0x20000b88   Data           4  timer.o(.data)
    disr                                     0x20000b8c   Data           4  timer.o(.data)
    disl45                                   0x20000b90   Data           4  timer.o(.data)
    disr45                                   0x20000b94   Data           4  timer.o(.data)
    dislh                                    0x20000b98   Data           4  timer.o(.data)
    disrh                                    0x20000b9c   Data           4  timer.o(.data)
    dislhh                                   0x20000ba0   Data           4  timer.o(.data)
    disrhh                                   0x20000ba4   Data           4  timer.o(.data)
    disl45h                                  0x20000ba8   Data           4  timer.o(.data)
    disr45h                                  0x20000bac   Data           4  timer.o(.data)
    disl45hh                                 0x20000bb0   Data           4  timer.o(.data)
    disr45hh                                 0x20000bb4   Data           4  timer.o(.data)
    lefthaswall                              0x20000bb8   Data           1  timer.o(.data)
    righthaswall                             0x20000bb9   Data           1  timer.o(.data)
    forwardhaswall                           0x20000bba   Data           1  timer.o(.data)
    lefthaswallh                             0x20000bbb   Data           1  timer.o(.data)
    righthaswallh                            0x20000bbc   Data           1  timer.o(.data)
    lefthaswall45                            0x20000bbd   Data           1  timer.o(.data)
    righthaswall45                           0x20000bbe   Data           1  timer.o(.data)
    lefthaswallh45                           0x20000bbf   Data           1  timer.o(.data)
    righthaswallh45                          0x20000bc0   Data           1  timer.o(.data)
    leftwallcritical                         0x20000bc1   Data           1  timer.o(.data)
    rightwallcritical                        0x20000bc2   Data           1  timer.o(.data)
    leftwallcriticalh                        0x20000bc3   Data           1  timer.o(.data)
    rightwallcriticalh                       0x20000bc4   Data           1  timer.o(.data)
    leftwallcriticalhh                       0x20000bc5   Data           1  timer.o(.data)
    rightwallcriticalhh                      0x20000bc6   Data           1  timer.o(.data)
    leftwallcriticalhhh                      0x20000bc7   Data           1  timer.o(.data)
    rightwallcriticalhhh                     0x20000bc8   Data           1  timer.o(.data)
    dislpeak                                 0x20000bca   Data           2  timer.o(.data)
    disrpeak                                 0x20000bcc   Data           2  timer.o(.data)
    leftpeaktrack                            0x20000bce   Data           2  timer.o(.data)
    rightpeaktrack                           0x20000bd0   Data           2  timer.o(.data)
    lastside                                 0x20000bd2   Data           1  timer.o(.data)
    irswitch                                 0x20000bd3   Data           1  timer.o(.data)
    infrskipround                            0x20000bd4   Data           1  timer.o(.data)
    e                                        0x20000bd8   Data           4  timer.o(.data)
    eh                                       0x20000bdc   Data           4  timer.o(.data)
    esum                                     0x20000be0   Data           4  timer.o(.data)
    tick                                     0x20000be4   Data           2  timer.o(.data)
    step                                     0x20000be6   Data           1  timer.o(.data)
    task                                     0x20000be7   Data           1  timer.o(.data)
    turnaround_tick                          0x20000be8   Data           2  timer.o(.data)
    blocknum                                 0x20000bea   Data           1  timer.o(.data)
    blocknum45                               0x20000beb   Data           1  timer.o(.data)
    battary                                  0x20000bf0   Data           8  timer.o(.data)
    battaryh                                 0x20000bf8   Data           8  timer.o(.data)
    battarypercent                           0x20000c00   Data           1  timer.o(.data)
    isemergency                              0x20000c02   Data           2  timer.o(.data)
    emergency_count                          0x20000c04   Data           2  timer.o(.data)
    emergency_delay                          0x20000c06   Data           2  timer.o(.data)
    cpu0                                     0x20000c08   Data           4  timer.o(.data)
    cpu                                      0x20000c0c   Data           4  timer.o(.data)
    freemode                                 0x20000c10   Data           1  timer.o(.data)
    sleepmode                                0x20000c11   Data           1  timer.o(.data)
    turn_gyro                                0x20000c14   Data           4  timer.o(.data)
    turn_vl                                  0x20000c18   Data           4  timer.o(.data)
    turn_vr                                  0x20000c1c   Data           4  timer.o(.data)
    decratio                                 0x20000c20   Data           8  timer.o(.data)
    accratio                                 0x20000c28   Data           8  timer.o(.data)
    queuenum                                 0x20000c30   Data           1  timer.o(.data)
    queuei                                   0x20000c31   Data           1  timer.o(.data)
    anglei                                   0x20000c32   Data           1  timer.o(.data)
    wtf                                      0x20000c34   Data           4  timer.o(.data)
    forwardirdis                             0x20000c38   Data           4  timer.o(.data)
    stoptick                                 0x20000c3c   Data           4  timer.o(.data)
    __stdout                                 0x20000c44   Data           4  usart.o(.data)
    CPU_TS_TmrFreq_Hz                        0x20000c5c   Data           4  cpu_core.o(.data)
    Mem_PoolTbl                              0x20000c60   Data           4  lib_mem.o(.data)
    OSPrioTbl                                0x20000c64   Data           8  os_prio.o(.data)
    OS_AppTaskCreateHookPtr                  0x20000c6c   Data           4  os_var.o(.data)
    OS_AppTaskDelHookPtr                     0x20000c70   Data           4  os_var.o(.data)
    OS_AppTaskReturnHookPtr                  0x20000c74   Data           4  os_var.o(.data)
    OS_AppIdleTaskHookPtr                    0x20000c78   Data           4  os_var.o(.data)
    OS_AppStatTaskHookPtr                    0x20000c7c   Data           4  os_var.o(.data)
    OS_AppTaskSwHookPtr                      0x20000c80   Data           4  os_var.o(.data)
    OS_AppTimeTickHookPtr                    0x20000c84   Data           4  os_var.o(.data)
    OSIdleTaskCtr                            0x20000c88   Data           4  os_var.o(.data)
    OSIntNestingCtr                          0x20000c8c   Data           1  os_var.o(.data)
    OSRunning                                0x20000c8d   Data           1  os_var.o(.data)
    OSIntQInPtr                              0x20000c90   Data           4  os_var.o(.data)
    OSIntQOutPtr                             0x20000c94   Data           4  os_var.o(.data)
    OSIntQNbrEntries                         0x20000c98   Data           2  os_var.o(.data)
    OSIntQNbrEntriesMax                      0x20000c9a   Data           2  os_var.o(.data)
    OSIntQOvfCtr                             0x20000c9c   Data           2  os_var.o(.data)
    OSIntQTaskTimeMax                        0x20000ca0   Data           4  os_var.o(.data)
    OSFlagDbgListPtr                         0x20000ca4   Data           4  os_var.o(.data)
    OSFlagQty                                0x20000ca8   Data           2  os_var.o(.data)
    OSMemDbgListPtr                          0x20000cac   Data           4  os_var.o(.data)
    OSMemQty                                 0x20000cb0   Data           2  os_var.o(.data)
    OSMutexDbgListPtr                        0x20000cb4   Data           4  os_var.o(.data)
    OSMutexQty                               0x20000cb8   Data           2  os_var.o(.data)
    OSPrioCur                                0x20000cba   Data           1  os_var.o(.data)
    OSPrioHighRdy                            0x20000cbb   Data           1  os_var.o(.data)
    OSPrioSaved                              0x20000cbc   Data           1  os_var.o(.data)
    OSQDbgListPtr                            0x20000cc0   Data           4  os_var.o(.data)
    OSQQty                                   0x20000cc4   Data           2  os_var.o(.data)
    OSSchedLockTimeBegin                     0x20000cc8   Data           4  os_var.o(.data)
    OSSchedLockTimeMax                       0x20000ccc   Data           4  os_var.o(.data)
    OSSchedLockTimeMaxCur                    0x20000cd0   Data           4  os_var.o(.data)
    OSSchedLockNestingCtr                    0x20000cd4   Data           1  os_var.o(.data)
    OSSchedRoundRobinDfltTimeQuanta          0x20000cd8   Data           4  os_var.o(.data)
    OSSchedRoundRobinEn                      0x20000cdc   Data           1  os_var.o(.data)
    OSSemDbgListPtr                          0x20000ce0   Data           4  os_var.o(.data)
    OSSemQty                                 0x20000ce4   Data           2  os_var.o(.data)
    OSStatResetFlag                          0x20000ce6   Data           1  os_var.o(.data)
    OSStatTaskCPUUsage                       0x20000ce8   Data           2  os_var.o(.data)
    OSStatTaskCPUUsageMax                    0x20000cea   Data           2  os_var.o(.data)
    OSStatTaskCtr                            0x20000cec   Data           4  os_var.o(.data)
    OSStatTaskCtrMax                         0x20000cf0   Data           4  os_var.o(.data)
    OSStatTaskCtrRun                         0x20000cf4   Data           4  os_var.o(.data)
    OSStatTaskRdy                            0x20000cf8   Data           1  os_var.o(.data)
    OSStatTaskTimeMax                        0x20000cfc   Data           4  os_var.o(.data)
    OSTaskCtxSwCtr                           0x20000d00   Data           4  os_var.o(.data)
    OSTaskDbgListPtr                         0x20000d04   Data           4  os_var.o(.data)
    OSTaskQty                                0x20000d08   Data           2  os_var.o(.data)
    OSTaskRegNextAvailID                     0x20000d0a   Data           1  os_var.o(.data)
    OSTickCtr                                0x20000d0c   Data           4  os_var.o(.data)
    OSTickTaskTimeMax                        0x20000d10   Data           4  os_var.o(.data)
    OSTmrDbgListPtr                          0x20000d14   Data           4  os_var.o(.data)
    OSTmrQty                                 0x20000d18   Data           2  os_var.o(.data)
    OSTmrTaskTimeMax                         0x20000d1c   Data           4  os_var.o(.data)
    OSTmrTickCtr                             0x20000d20   Data           4  os_var.o(.data)
    OSTmrUpdateCnt                           0x20000d24   Data           4  os_var.o(.data)
    OSTmrUpdateCtr                           0x20000d28   Data           4  os_var.o(.data)
    OSTCBCurPtr                              0x20000d2c   Data           4  os_var.o(.data)
    OSTCBHighRdyPtr                          0x20000d30   Data           4  os_var.o(.data)
    OS_CPU_ExceptStkBase                     0x20000d34   Data           4  os_cpu_c.o(.data)
    spurtTestFlag                            0x20000d38   Data           1  stratagy.o(.data)
    spurtTestAction                          0x20000d39   Data         200  stratagy.o(.data)
    FastwayCount                             0x20000e01   Data           1  stratagy.o(.data)
    GucXStart                                0x20000e02   Data           1  stratagy.o(.data)
    GucYStart                                0x20000e03   Data           1  stratagy.o(.data)
    GucXGoal0                                0x20000e04   Data           1  stratagy.o(.data)
    GucXGoal1                                0x20000e05   Data           1  stratagy.o(.data)
    GucYGoal0                                0x20000e06   Data           1  stratagy.o(.data)
    GucYGoal1                                0x20000e07   Data           1  stratagy.o(.data)
    GucMouseTask                             0x20000e08   Data           1  stratagy.o(.data)
    GoalX                                    0x20000e09   Data           1  stratagy.o(.data)
    GoalY                                    0x20000e0a   Data           1  stratagy.o(.data)
    GucMapStep                               0x20000e0b   Data         256  stratagy.o(.data)
    GucMapStepC                              0x20000f0b   Data         256  stratagy.o(.data)
    GucMapStepS                              0x2000100b   Data         256  stratagy.o(.data)
    GucMapStepSC                             0x2000110b   Data         256  stratagy.o(.data)
    GmcMouse                                 0x2000120b   Data           2  stratagy.o(.data)
    GucMouseDir                              0x2000120d   Data           1  stratagy.o(.data)
    Mapfastway                               0x2000120e   Data         256  stratagy.o(.data)
    Mapfastway_90                            0x2000130e   Data         256  stratagy.o(.data)
    FastwayCount_90                          0x2000140e   Data           1  stratagy.o(.data)
    ObjectGoTo_Flag                          0x2000140f   Data           1  stratagy.o(.data)
    LastSearchAction                         0x20001410   Data           1  utility.o(.data)
    turnrighto                               0x20001414   Data           4  utility.o(.data)
    turnlefto                                0x20001418   Data           4  utility.o(.data)
    turno                                    0x2000141c   Data           4  utility.o(.data)
    spurt_45_end_flag                        0x20001420   Data           1  utility.o(.data)
    spurt_action_num                         0x20001421   Data           1  utility.o(.data)
    afterturn_flag                           0x20001422   Data           1  utility.o(.data)
    goal_keep_flag                           0x20001423   Data           1  utility.o(.data)
    back90_flag                              0x20001424   Data           1  utility.o(.data)
    lpeakfindenable                          0x20001425   Data           1  utility.o(.data)
    rpeakfindenable                          0x20001426   Data           1  utility.o(.data)
    goaheadbugflag                           0x20001427   Data           1  utility.o(.data)
    speedmode                                0x20001428   Data           1  utility.o(.data)
    test                                     0x20001429   Data           1  utility.o(.data)
    accdistance                              0x2000142a   Data           2  utility.o(.data)
    decdistance                              0x2000142c   Data           2  utility.o(.data)
    disbf180                                 0x2000142e   Data           2  utility.o(.data)
    L45TopSpeed                              0x20001430   Data           4  utility.o(.data)
    L45BottomSpeed                           0x20001434   Data           4  utility.o(.data)
    ObjectGoTo_TopSpeed                      0x20001438   Data           4  utility.o(.data)
    ObjectGoTo_BottomSpeed                   0x2000143c   Data           4  utility.o(.data)
    LTopSpeed                                0x20001440   Data           4  utility.o(.data)
    LBottomSpeed                             0x20001444   Data           4  utility.o(.data)
    L90TopSpeed                              0x20001448   Data           4  utility.o(.data)
    L90BottomSpeed                           0x2000144c   Data           4  utility.o(.data)
    BackTopSpeed                             0x20001450   Data           4  utility.o(.data)
    BackBottomSpeed                          0x20001454   Data           4  utility.o(.data)
    TopSpeed                                 0x20001458   Data           4  utility.o(.data)
    BottomSpeed                              0x2000145c   Data           4  utility.o(.data)
    SpurtAccRatio45                          0x20001460   Data           4  utility.o(.data)
    SpurtDecRatio45                          0x20001464   Data           4  utility.o(.data)
    SpurtAccRatio90                          0x20001468   Data           4  utility.o(.data)
    SpurtDecRatio90                          0x2000146c   Data           4  utility.o(.data)
    SpurtAccRatio                            0x20001470   Data           4  utility.o(.data)
    SpurtDecRatio                            0x20001474   Data           4  utility.o(.data)
    InitialSpeed                             0x20001478   Data           4  utility.o(.data)
    i                                        0x2000147c   Data           2  utility.o(.data)
    StartTaskTCB                             0x20001480   Data         196  main.o(.bss)
    START_TASK_STK                           0x20001544   Data        2048  main.o(.bss)
    KeyTaskTCB                               0x20001d44   Data         196  main.o(.bss)
    KEY_TASK_STK                             0x20001e08   Data         512  main.o(.bss)
    PredoTaskTCB                             0x20002008   Data         196  main.o(.bss)
    PREDO_TASK_STK                           0x200020cc   Data         512  main.o(.bss)
    MazeTaskTCB                              0x200022cc   Data         196  main.o(.bss)
    MAZE_TASK_STK                            0x20002390   Data         512  main.o(.bss)
    BACKGROUND_SEM                           0x20002590   Data          40  main.o(.bss)
    BEEP_SEM                                 0x200025b8   Data          40  main.o(.bss)
    LED_SEM                                  0x200025e0   Data          40  main.o(.bss)
    run_data                                 0x20002608   Data        9600  stmflash.o(.bss)
    anglehis                                 0x20004b88   Data         200  timer.o(.bss)
    queue                                    0x20004c50   Data         200  timer.o(.bss)
    CPU_Name                                 0x20004d18   Data          16  cpu_core.o(.bss)
    Mem_PoolHeap                             0x20004d28   Data          72  lib_mem.o(.bss)
    Mem_Heap                                 0x20004d70   Data        1024  lib_mem.o(.bss)
    OSCfg_IdleTaskStk                        0x20005170   Data         512  os_cfg_app.o(.bss)
    OSCfg_IntQ                               0x20005370   Data         320  os_cfg_app.o(.bss)
    OSCfg_IntQTaskStk                        0x200054b0   Data         512  os_cfg_app.o(.bss)
    OSCfg_ISRStk                             0x200056b0   Data         512  os_cfg_app.o(.bss)
    OSCfg_MsgPool                            0x200058b0   Data        1600  os_cfg_app.o(.bss)
    OSCfg_StatTaskStk                        0x20005ef0   Data         512  os_cfg_app.o(.bss)
    OSCfg_TickTaskStk                        0x200060f0   Data         512  os_cfg_app.o(.bss)
    OSCfg_TickWheel                          0x200062f0   Data         136  os_cfg_app.o(.bss)
    OSCfg_TmrTaskStk                         0x20006378   Data         512  os_cfg_app.o(.bss)
    OSCfg_TmrWheel                           0x20006578   Data         136  os_cfg_app.o(.bss)
    OSIdleTaskTCB                            0x20006600   Data         196  os_var.o(.bss)
    OSIntQTaskTCB                            0x200066c4   Data         196  os_var.o(.bss)
    OSMsgPool                                0x20006788   Data          12  os_var.o(.bss)
    OSRdyList                                0x20006794   Data         768  os_var.o(.bss)
    OSStatTaskTCB                            0x20006a94   Data         196  os_var.o(.bss)
    OSTickTaskTCB                            0x20006b58   Data         196  os_var.o(.bss)
    OSTmrTaskTCB                             0x20006c1c   Data         196  os_var.o(.bss)
    SpurtTest_FastwayAction                  0x20006ce0   Data         256  stratagy.o(.bss)
    GmcStack                                 0x20006de0   Data         512  stratagy.o(.bss)
    GmcStackS1                               0x20006fe0   Data         512  stratagy.o(.bss)
    GmcStackS2                               0x200071e0   Data         512  stratagy.o(.bss)
    GmcCrossway                              0x200073e0   Data         512  stratagy.o(.bss)
    GucMapBlock                              0x200075e0   Data         256  stratagy.o(.bss)
    GucMapGet                                0x200076e0   Data         256  stratagy.o(.bss)
    FastwayAction                            0x200077e0   Data         768  stratagy.o(.bss)
    FastwayAction_90                         0x20007ae0   Data         768  stratagy.o(.bss)
    FastwayActionTemp                        0x20007de0   Data         256  stratagy.o(.bss)
    actionsequence                           0x20007ee0   Data         200  utility.o(.bss)
    action_correct_sequence                  0x20007fa8   Data         200  utility.o(.bss)
    __libspace_start                         0x20008070   Data          96  libspace.o(.bss)
    __temporary_stack_top$libspace           0x200080d0   Data           0  libspace.o(.bss)



==============================================================================

Memory Map of the image

  Image Entry point : 0x08000131

  Load Region LR_IROM1 (Base: 0x08000000, Size: 0x0001cdbc, Max: 0x00080000, ABSOLUTE, COMPRESSED[0x0001bffc])

    Execution Region ER_IROM1 (Exec base: 0x08000000, Load base: 0x08000000, Size: 0x0001b93c, Max: 0x00080000, ABSOLUTE)

    Exec Addr    Load Addr    Size         Type   Attr      Idx    E Section Name        Object

    0x08000000   0x08000000   0x00000130   Data   RO          348    RESET               startup_stm32f10x_hd.o
    0x08000130   0x08000130   0x00000008   Code   RO          879  * !!!main             c_w.l(__main.o)
    0x08000138   0x08000138   0x00000034   Code   RO         1184    !!!scatter          c_w.l(__scatter.o)
    0x0800016c   0x0800016c   0x00000064   Code   RO         1182    !!dclz77c           c_w.l(__dclz77c.o)
    0x080001d0   0x080001d0   0x0000001c   Code   RO         1186    !!handler_zi        c_w.l(__scatter_zi.o)
    0x080001ec   0x080001ec   0x00000000   Code   RO          876    .ARM.Collect$$_printf_percent$$00000000  c_w.l(_printf_percent.o)
    0x080001ec   0x080001ec   0x00000006   Code   RO          875    .ARM.Collect$$_printf_percent$$00000009  c_w.l(_printf_d.o)
    0x080001f2   0x080001f2   0x00000004   Code   RO          970    .ARM.Collect$$_printf_percent$$00000017  c_w.l(_printf_percent_end.o)
    0x080001f6   0x080001f6   0x00000002   Code   RO         1055    .ARM.Collect$$libinit$$00000000  c_w.l(libinit.o)
    0x080001f8   0x080001f8   0x00000000   Code   RO         1067    .ARM.Collect$$libinit$$00000002  c_w.l(libinit2.o)
    0x080001f8   0x080001f8   0x00000000   Code   RO         1069    .ARM.Collect$$libinit$$00000004  c_w.l(libinit2.o)
    0x080001f8   0x080001f8   0x00000000   Code   RO         1072    .ARM.Collect$$libinit$$0000000A  c_w.l(libinit2.o)
    0x080001f8   0x080001f8   0x00000000   Code   RO         1074    .ARM.Collect$$libinit$$0000000C  c_w.l(libinit2.o)
    0x080001f8   0x080001f8   0x00000000   Code   RO         1076    .ARM.Collect$$libinit$$0000000E  c_w.l(libinit2.o)
    0x080001f8   0x080001f8   0x00000000   Code   RO         1079    .ARM.Collect$$libinit$$00000011  c_w.l(libinit2.o)
    0x080001f8   0x080001f8   0x00000000   Code   RO         1081    .ARM.Collect$$libinit$$00000013  c_w.l(libinit2.o)
    0x080001f8   0x080001f8   0x00000000   Code   RO         1083    .ARM.Collect$$libinit$$00000015  c_w.l(libinit2.o)
    0x080001f8   0x080001f8   0x00000000   Code   RO         1085    .ARM.Collect$$libinit$$00000017  c_w.l(libinit2.o)
    0x080001f8   0x080001f8   0x00000000   Code   RO         1087    .ARM.Collect$$libinit$$00000019  c_w.l(libinit2.o)
    0x080001f8   0x080001f8   0x00000000   Code   RO         1089    .ARM.Collect$$libinit$$0000001B  c_w.l(libinit2.o)
    0x080001f8   0x080001f8   0x00000000   Code   RO         1091    .ARM.Collect$$libinit$$0000001D  c_w.l(libinit2.o)
    0x080001f8   0x080001f8   0x00000000   Code   RO         1093    .ARM.Collect$$libinit$$0000001F  c_w.l(libinit2.o)
    0x080001f8   0x080001f8   0x00000000   Code   RO         1095    .ARM.Collect$$libinit$$00000021  c_w.l(libinit2.o)
    0x080001f8   0x080001f8   0x00000000   Code   RO         1097    .ARM.Collect$$libinit$$00000023  c_w.l(libinit2.o)
    0x080001f8   0x080001f8   0x00000000   Code   RO         1099    .ARM.Collect$$libinit$$00000025  c_w.l(libinit2.o)
    0x080001f8   0x080001f8   0x00000000   Code   RO         1103    .ARM.Collect$$libinit$$0000002C  c_w.l(libinit2.o)
    0x080001f8   0x080001f8   0x00000000   Code   RO         1105    .ARM.Collect$$libinit$$0000002E  c_w.l(libinit2.o)
    0x080001f8   0x080001f8   0x00000000   Code   RO         1107    .ARM.Collect$$libinit$$00000030  c_w.l(libinit2.o)
    0x080001f8   0x080001f8   0x00000000   Code   RO         1109    .ARM.Collect$$libinit$$00000032  c_w.l(libinit2.o)
    0x080001f8   0x080001f8   0x00000002   Code   RO         1110    .ARM.Collect$$libinit$$00000033  c_w.l(libinit2.o)
    0x080001fa   0x080001fa   0x00000002   Code   RO         1138    .ARM.Collect$$libshutdown$$00000000  c_w.l(libshutdown.o)
    0x080001fc   0x080001fc   0x00000000   Code   RO         1165    .ARM.Collect$$libshutdown$$00000002  c_w.l(libshutdown2.o)
    0x080001fc   0x080001fc   0x00000000   Code   RO         1167    .ARM.Collect$$libshutdown$$00000004  c_w.l(libshutdown2.o)
    0x080001fc   0x080001fc   0x00000000   Code   RO         1170    .ARM.Collect$$libshutdown$$00000007  c_w.l(libshutdown2.o)
    0x080001fc   0x080001fc   0x00000000   Code   RO         1173    .ARM.Collect$$libshutdown$$0000000A  c_w.l(libshutdown2.o)
    0x080001fc   0x080001fc   0x00000000   Code   RO         1175    .ARM.Collect$$libshutdown$$0000000C  c_w.l(libshutdown2.o)
    0x080001fc   0x080001fc   0x00000000   Code   RO         1178    .ARM.Collect$$libshutdown$$0000000F  c_w.l(libshutdown2.o)
    0x080001fc   0x080001fc   0x00000002   Code   RO         1179    .ARM.Collect$$libshutdown$$00000010  c_w.l(libshutdown2.o)
    0x080001fe   0x080001fe   0x00000000   Code   RO          959    .ARM.Collect$$rtentry$$00000000  c_w.l(__rtentry.o)
    0x080001fe   0x080001fe   0x00000000   Code   RO         1008    .ARM.Collect$$rtentry$$00000002  c_w.l(__rtentry2.o)
    0x080001fe   0x080001fe   0x00000006   Code   RO         1020    .ARM.Collect$$rtentry$$00000004  c_w.l(__rtentry4.o)
    0x08000204   0x08000204   0x00000000   Code   RO         1010    .ARM.Collect$$rtentry$$00000009  c_w.l(__rtentry2.o)
    0x08000204   0x08000204   0x00000004   Code   RO         1011    .ARM.Collect$$rtentry$$0000000A  c_w.l(__rtentry2.o)
    0x08000208   0x08000208   0x00000000   Code   RO         1013    .ARM.Collect$$rtentry$$0000000C  c_w.l(__rtentry2.o)
    0x08000208   0x08000208   0x00000008   Code   RO         1014    .ARM.Collect$$rtentry$$0000000D  c_w.l(__rtentry2.o)
    0x08000210   0x08000210   0x00000002   Code   RO         1058    .ARM.Collect$$rtexit$$00000000  c_w.l(rtexit.o)
    0x08000212   0x08000212   0x00000000   Code   RO         1114    .ARM.Collect$$rtexit$$00000002  c_w.l(rtexit2.o)
    0x08000212   0x08000212   0x00000004   Code   RO         1115    .ARM.Collect$$rtexit$$00000003  c_w.l(rtexit2.o)
    0x08000216   0x08000216   0x00000006   Code   RO         1116    .ARM.Collect$$rtexit$$00000004  c_w.l(rtexit2.o)
    0x0800021c   0x0800021c   0x00003756   Code   RO            1    .text               main.o
    0x08003972   0x08003972   0x00000016   Code   RO          163    .text               stm32f10x_it.o
    0x08003988   0x08003988   0x000001e0   Code   RO          195    .text               system_stm32f10x.o
    0x08003b68   0x08003b68   0x00000624   Code   RO          213    .text               led.o
    0x0800418c   0x0800418c   0x00000a8c   Code   RO          230    .text               adc.o
    0x08004c18   0x08004c18   0x00000690   Code   RO          246    .text               stmflash.o
    0x080052a8   0x080052a8   0x00000320   Code   RO          264    .text               timer.o
    0x080055c8   0x080055c8   0x000000d4   Code   RO          285    .text               delay.o
    0x0800569c   0x0800569c   0x000002e8   Code   RO          301    .text               sys.o
    0x08005984   0x08005984   0x000000e4   Code   RO          317    .text               usart.o
    0x08005a68   0x08005a68   0x00000040   Code   RO          349    .text               startup_stm32f10x_hd.o
    0x08005aa8   0x08005aa8   0x000000dc   Code   RO          353    .text               misc.o
    0x08005b84   0x08005b84   0x000003a4   Code   RO          389    .text               stm32f10x_rcc_1.o
    0x08005f28   0x08005f28   0x00000084   Code   RO          403    .text               bsp.o
    0x08005fac   0x08005fac   0x000002a8   Code   RO          418    .text               cpu_core.o
    0x08006254   0x08006254   0x00000034   Code   RO          456    .text               cpu_a.o
    0x08006288   0x08006288   0x00000256   Code   RO          459    .text               lib_ascii.o
    0x080064de   0x080064de   0x00000002   PAD
    0x080064e0   0x080064e0   0x000009c6   Code   RO          492    .text               lib_mem.o
    0x08006ea6   0x08006ea6   0x00000002   PAD
    0x08006ea8   0x08006ea8   0x0000092c   Code   RO          511    .text               lib_str.o
    0x080077d4   0x080077d4   0x00000220   Code   RO          528    .text               lib_mem_a.o
    0x080079f4   0x080079f4   0x000000fc   Code   RO          531    .text               os_cfg_app.o
    0x08007af0   0x08007af0   0x00000e04   Code   RO          554    .text               os_core.o
    0x080088f4   0x080088f4   0x000001b0   Code   RO          566    .text               os_dbg.o
    0x08008aa4   0x08008aa4   0x00000e28   Code   RO          581    .text               os_flag.o
    0x080098cc   0x080098cc   0x00000444   Code   RO          593    .text               os_int.o
    0x08009d10   0x08009d10   0x00000238   Code   RO          605    .text               os_mem.o
    0x08009f48   0x08009f48   0x0000022c   Code   RO          617    .text               os_msg.o
    0x0800a174   0x0800a174   0x00000ad4   Code   RO          629    .text               os_mutex.o
    0x0800ac48   0x0800ac48   0x0000007c   Code   RO          653    .text               os_prio.o
    0x0800acc4   0x0800acc4   0x000008d8   Code   RO          672    .text               os_q.o
    0x0800b59c   0x0800b59c   0x00000830   Code   RO          684    .text               os_sem.o
    0x0800bdcc   0x0800bdcc   0x00000638   Code   RO          696    .text               os_stat.o
    0x0800c404   0x0800c404   0x00001bb8   Code   RO          708    .text               os_task.o
    0x0800dfbc   0x0800dfbc   0x000004fc   Code   RO          720    .text               os_tick.o
    0x0800e4b8   0x0800e4b8   0x00000564   Code   RO          732    .text               os_time.o
    0x0800ea1c   0x0800ea1c   0x00000818   Code   RO          744    .text               os_tmr.o
    0x0800f234   0x0800f234   0x0000026c   Code   RO          773    .text               os_cpu_c.o
    0x0800f4a0   0x0800f4a0   0x00001df8   Code   RO          806    .text               stratagy.o
    0x08011298   0x08011298   0x00003680   Code   RO          823    .text               utility.o
    0x08014918   0x08014918   0x00000002   Code   RO          843    .text               c_w.l(use_no_semi_2.o)
    0x0801491a   0x0801491a   0x000000ee   Code   RO          845    .text               c_w.l(lludivv7m.o)
    0x08014a08   0x08014a08   0x00000018   Code   RO          849    .text               c_w.l(noretval__2printf.o)
    0x08014a20   0x08014a20   0x00000078   Code   RO          853    .text               c_w.l(_printf_dec.o)
    0x08014a98   0x08014a98   0x000000b8   Code   RO          858    .text               c_w.l(__printf_ss.o)
    0x08014b50   0x08014b50   0x00000006   Code   RO          877    .text               c_w.l(heapauxi.o)
    0x08014b56   0x08014b56   0x00000002   Code   RO          957    .text               c_w.l(use_no_semi.o)
    0x08014b58   0x08014b58   0x00000016   Code   RO          964    .text               c_w.l(_rserrno.o)
    0x08014b6e   0x08014b6e   0x000000b2   Code   RO          966    .text               c_w.l(_printf_intcommon.o)
    0x08014c20   0x08014c20   0x00000024   Code   RO          968    .text               c_w.l(_printf_char_file.o)
    0x08014c44   0x08014c44   0x00000008   Code   RO         1027    .text               c_w.l(rt_errno_addr_intlibspace.o)
    0x08014c4c   0x08014c4c   0x00000030   Code   RO         1029    .text               c_w.l(_printf_char_common.o)
    0x08014c7c   0x08014c7c   0x00000008   Code   RO         1031    .text               c_w.l(ferror.o)
    0x08014c84   0x08014c84   0x00000008   Code   RO         1037    .text               c_w.l(libspace.o)
    0x08014c8c   0x08014c8c   0x0000004a   Code   RO         1040    .text               c_w.l(sys_stackheap_outer.o)
    0x08014cd6   0x08014cd6   0x00000012   Code   RO         1044    .text               c_w.l(exit.o)
    0x08014ce8   0x08014ce8   0x00000098   Code   RO          770    CODE                os_cpu_a.o
    0x08014d80   0x08014d80   0x00000028   Code   RO         1002    i.__ARM_fpclassify  m_ws.l(fpclassify.o)
    0x08014da8   0x08014da8   0x000000aa   Code   RO         1004    i.__kernel_poly     m_ws.l(poly.o)
    0x08014e52   0x08014e52   0x00000002   PAD
    0x08014e54   0x08014e54   0x00000010   Code   RO          988    i.__mathlib_dbl_divzero  m_ws.l(dunder.o)
    0x08014e64   0x08014e64   0x00000006   Code   RO          989    i.__mathlib_dbl_infnan  m_ws.l(dunder.o)
    0x08014e6a   0x08014e6a   0x0000000c   Code   RO          991    i.__mathlib_dbl_invalid  m_ws.l(dunder.o)
    0x08014e76   0x08014e76   0x0000000e   Code   RO          992    i.__mathlib_dbl_overflow  m_ws.l(dunder.o)
    0x08014e84   0x08014e84   0x00000010   Code   RO          994    i.__mathlib_dbl_underflow  m_ws.l(dunder.o)
    0x08014e94   0x08014e94   0x00000284   Code   RO          938    i.exp               m_ws.l(exp.o)
    0x08015118   0x08015118   0x0000035c   Code   RO          948    i.log               m_ws.l(log.o)
    0x08015474   0x08015474   0x00000150   Code   RO          881    x$fpl$dadd          fz_ws.l(daddsub_clz.o)
    0x080155c4   0x080155c4   0x00000010   Code   RO         1035    x$fpl$dcheck1       fz_ws.l(dcheck1.o)
    0x080155d4   0x080155d4   0x00000018   Code   RO          971    x$fpl$dcmpinf       fz_ws.l(dcmpi.o)
    0x080155ec   0x080155ec   0x000002b0   Code   RO          888    x$fpl$ddiv          fz_ws.l(ddiv.o)
    0x0801589c   0x0801589c   0x00000078   Code   RO          891    x$fpl$deqf          fz_ws.l(deqf.o)
    0x08015914   0x08015914   0x0000005e   Code   RO          893    x$fpl$dfix          fz_ws.l(dfix.o)
    0x08015972   0x08015972   0x00000002   PAD
    0x08015974   0x08015974   0x0000005a   Code   RO          897    x$fpl$dfixu         fz_ws.l(dfixu.o)
    0x080159ce   0x080159ce   0x0000002e   Code   RO          902    x$fpl$dflt          fz_ws.l(dflt_clz.o)
    0x080159fc   0x080159fc   0x00000026   Code   RO          901    x$fpl$dfltu         fz_ws.l(dflt_clz.o)
    0x08015a22   0x08015a22   0x00000002   PAD
    0x08015a24   0x08015a24   0x00000078   Code   RO          907    x$fpl$dleqf         fz_ws.l(dleqf.o)
    0x08015a9c   0x08015a9c   0x00000154   Code   RO          909    x$fpl$dmul          fz_ws.l(dmul.o)
    0x08015bf0   0x08015bf0   0x0000009c   Code   RO          973    x$fpl$dnaninf       fz_ws.l(dnaninf.o)
    0x08015c8c   0x08015c8c   0x0000000c   Code   RO          975    x$fpl$dretinf       fz_ws.l(dretinf.o)
    0x08015c98   0x08015c98   0x0000006c   Code   RO          977    x$fpl$drleqf        fz_ws.l(drleqf.o)
    0x08015d04   0x08015d04   0x00000016   Code   RO          882    x$fpl$drsb          fz_ws.l(daddsub_clz.o)
    0x08015d1a   0x08015d1a   0x00000002   PAD
    0x08015d1c   0x08015d1c   0x000001d4   Code   RO          883    x$fpl$dsub          fz_ws.l(daddsub_clz.o)
    0x08015ef0   0x08015ef0   0x00000056   Code   RO          911    x$fpl$f2d           fz_ws.l(f2d.o)
    0x08015f46   0x08015f46   0x00000002   PAD
    0x08015f48   0x08015f48   0x000000c4   Code   RO          913    x$fpl$fadd          fz_ws.l(faddsub_clz.o)
    0x0801600c   0x0801600c   0x00000018   Code   RO          979    x$fpl$fcmpinf       fz_ws.l(fcmpi.o)
    0x08016024   0x08016024   0x00000184   Code   RO          920    x$fpl$fdiv          fz_ws.l(fdiv.o)
    0x080161a8   0x080161a8   0x0000003e   Code   RO          923    x$fpl$ffixu         fz_ws.l(ffixu.o)
    0x080161e6   0x080161e6   0x00000002   PAD
    0x080161e8   0x080161e8   0x00000030   Code   RO          928    x$fpl$fflt          fz_ws.l(fflt_clz.o)
    0x08016218   0x08016218   0x00000026   Code   RO          927    x$fpl$ffltu         fz_ws.l(fflt_clz.o)
    0x0801623e   0x0801623e   0x00000002   PAD
    0x08016240   0x08016240   0x00000068   Code   RO          933    x$fpl$fleqf         fz_ws.l(fleqf.o)
    0x080162a8   0x080162a8   0x00000102   Code   RO          935    x$fpl$fmul          fz_ws.l(fmul.o)
    0x080163aa   0x080163aa   0x0000008c   Code   RO          981    x$fpl$fnaninf       fz_ws.l(fnaninf.o)
    0x08016436   0x08016436   0x0000000a   Code   RO          983    x$fpl$fretinf       fz_ws.l(fretinf.o)
    0x08016440   0x08016440   0x00000014   Code   RO          914    x$fpl$frsb          fz_ws.l(faddsub_clz.o)
    0x08016454   0x08016454   0x000000ea   Code   RO          915    x$fpl$fsub          fz_ws.l(faddsub_clz.o)
    0x0801653e   0x0801653e   0x00000064   Code   RO         1056    x$fpl$retnan        fz_ws.l(retnan.o)
    0x080165a2   0x080165a2   0x0000005c   Code   RO          985    x$fpl$scalbn        fz_ws.l(scalbn.o)
    0x080165fe   0x080165fe   0x00000030   Code   RO         1111    x$fpl$trapveneer    fz_ws.l(trapv.o)
    0x0801662e   0x0801662e   0x00000000   Code   RO          987    x$fpl$usenofp       fz_ws.l(usenofp.o)
    0x0801662e   0x0801662e   0x00000003   Data   RO          248    .constdata          stmflash.o
    0x08016631   0x08016631   0x00000007   PAD
    0x08016638   0x08016638   0x00000022   Data   RO          266    .constdata          timer.o
    0x0801665a   0x0801665a   0x00000002   PAD
    0x0801665c   0x0801665c   0x00000104   Data   RO          420    .constdata          cpu_core.o
    0x08016760   0x08016760   0x00000094   Data   RO          512    .constdata          lib_str.o
    0x080167f4   0x080167f4   0x000000a4   Data   RO          533    .constdata          os_cfg_app.o
    0x08016898   0x08016898   0x0000016c   Data   RO          567    .constdata          os_dbg.o
    0x08016a04   0x08016a04   0x00004de2   Data   RO          825    .constdata          utility.o
    0x0801b7e6   0x0801b7e6   0x00000002   PAD
    0x0801b7e8   0x0801b7e8   0x00000058   Data   RO          939    .constdata          m_ws.l(exp.o)
    0x0801b840   0x0801b840   0x00000038   Data   RO          949    .constdata          m_ws.l(log.o)
    0x0801b878   0x0801b878   0x00000008   Data   RO         1006    .constdata          m_ws.l(qnan.o)
    0x0801b880   0x0801b880   0x0000009b   Data   RO            3    .conststring        main.o
    0x0801b91b   0x0801b91b   0x00000001   PAD
    0x0801b91c   0x0801b91c   0x00000020   Data   RO         1180    Region$$Table       anon$$obj.o


    Execution Region RW_IRAM1 (Exec base: 0x20000000, Load base: 0x0801b93c, Size: 0x00008ad0, Max: 0x00010000, ABSOLUTE, COMPRESSED[0x000006c0])

    Exec Addr    Load Addr    Size         Type   Attr      Idx    E Section Name        Object

    0x20000000   COMPRESSED   0x00000078   Data   RW            4    .data               main.o
    0x20000078   COMPRESSED   0x00000014   Data   RW          196    .data               system_stm32f10x.o
    0x2000008c   COMPRESSED   0x00000004   PAD
    0x20000090   COMPRESSED   0x000008e8   Data   RW          231    .data               adc.o
    0x20000978   COMPRESSED   0x00000004   Data   RW          249    .data               stmflash.o
    0x2000097c   COMPRESSED   0x00000004   PAD
    0x20000980   COMPRESSED   0x000002c0   Data   RW          267    .data               timer.o
    0x20000c40   COMPRESSED   0x00000004   Data   RW          286    .data               delay.o
    0x20000c44   COMPRESSED   0x00000004   Data   RW          318    .data               usart.o
    0x20000c48   COMPRESSED   0x00000014   Data   RW          390    .data               stm32f10x_rcc_1.o
    0x20000c5c   COMPRESSED   0x00000004   Data   RW          421    .data               cpu_core.o
    0x20000c60   COMPRESSED   0x00000004   Data   RW          494    .data               lib_mem.o
    0x20000c64   COMPRESSED   0x00000008   Data   RW          654    .data               os_prio.o
    0x20000c6c   COMPRESSED   0x000000c8   Data   RW          757    .data               os_var.o
    0x20000d34   COMPRESSED   0x00000004   Data   RW          774    .data               os_cpu_c.o
    0x20000d38   COMPRESSED   0x000006d8   Data   RW          808    .data               stratagy.o
    0x20001410   COMPRESSED   0x0000006e   Data   RW          826    .data               utility.o
    0x2000147e   COMPRESSED   0x00000002   PAD
    0x20001480        -       0x00001188   Zero   RW            2    .bss                main.o
    0x20002608        -       0x00002580   Zero   RW          247    .bss                stmflash.o
    0x20004b88        -       0x00000190   Zero   RW          265    .bss                timer.o
    0x20004d18        -       0x00000010   Zero   RW          419    .bss                cpu_core.o
    0x20004d28        -       0x00000448   Zero   RW          493    .bss                lib_mem.o
    0x20005170        -       0x00001490   Zero   RW          532    .bss                os_cfg_app.o
    0x20006600        -       0x000006e0   Zero   RW          756    .bss                os_var.o
    0x20006ce0        -       0x00001200   Zero   RW          807    .bss                stratagy.o
    0x20007ee0        -       0x00000190   Zero   RW          824    .bss                utility.o
    0x20008070        -       0x00000060   Zero   RW         1038    .bss                c_w.l(libspace.o)
    0x200080d0        -       0x00000200   Zero   RW          347    HEAP                startup_stm32f10x_hd.o
    0x200082d0        -       0x00000800   Zero   RW          346    STACK               startup_stm32f10x_hd.o


==============================================================================

Image component sizes


      Code (inc. data)   RO Data    RW Data    ZI Data      Debug   Object Name

      2700        298          0       2280          0       5661   adc.o
       132         12          0          0          0       1135   bsp.o
        52          0          0          0          0        320   cpu_a.o
       680         14        260          4         16      14323   cpu_core.o
       212         18          0          4          0       1011   delay.o
      1572        226          0          0          0       2071   led.o
       598          0          0          0          0       3868   lib_ascii.o
      2502         32          0          4       1096      22164   lib_mem.o
       544          0          0          0          0        468   lib_mem_a.o
      2348          6        148          0          0      13746   lib_str.o
     14166       1898        155        120       4488     276437   main.o
       220         22          0          0          0       1793   misc.o
       252        166        164          0       5264      20850   os_cfg_app.o
      3588        294          0          0          0      12429   os_core.o
       152         32          0          0          0        380   os_cpu_a.o
       620         66          0          4          0       3757   os_cpu_c.o
       432        286        364          0          0       4713   os_dbg.o
      3624        110          0          0          0       8011   os_flag.o
      1092        146          0          0          0       2316   os_int.o
       568         20          0          0          0       2740   os_mem.o
       556         12          0          0          0       2775   os_msg.o
      2772        114          0          0          0       5546   os_mutex.o
       124          4          0          8          0       1708   os_prio.o
      2264         76          0          0          0       6312   os_q.o
      2096         70          0          0          0       6332   os_sem.o
      1592        180          0          0          0       2793   os_stat.o
      7096        270          0          0          0      14162   os_task.o
      1276         90          0          0          0       3265   os_tick.o
      1380         46          0          0          0       3269   os_time.o
      2072        140          0          0          0       6458   os_tmr.o
         0          0          0        200       1760      19333   os_var.o
        64         26        304          0       2560        780   startup_stm32f10x_hd.o
        22          0          0          0          0        983   stm32f10x_it.o
       932         36          0         20          0       8904   stm32f10x_rcc_1.o
      1680        272          3          4       9600       5276   stmflash.o
      7672        280          0       1752       4608      12041   stratagy.o
       744         48          0          0          0       2788   sys.o
       480         38          0         20          0       1691   system_stm32f10x.o
       800         40         34        704        400       9602   timer.o
       228         16          0          4          0       2770   usart.o
     13952       1552      19938        110        400      24512   utility.o

    ----------------------------------------------------------------------
     83860       6956      21414       5248      30192     539493   Object Totals
         0          0         32          0          0          0   (incl. Generated)
         4          0         12         10          0          0   (incl. Padding)

    ----------------------------------------------------------------------

      Code (inc. data)   RO Data    RW Data    ZI Data      Debug   Library Member Name

       100          0          0          0          0          0   __dclz77c.o
         8          0          0          0          0         68   __main.o
       184          0          0          0          0         84   __printf_ss.o
         0          0          0          0          0          0   __rtentry.o
        12          0          0          0          0          0   __rtentry2.o
         6          0          0          0          0          0   __rtentry4.o
        52          8          0          0          0          0   __scatter.o
        28          0          0          0          0          0   __scatter_zi.o
        48          6          0          0          0         96   _printf_char_common.o
        36          4          0          0          0         80   _printf_char_file.o
         6          0          0          0          0          0   _printf_d.o
       120         16          0          0          0         92   _printf_dec.o
       178          0          0          0          0         88   _printf_intcommon.o
         0          0          0          0          0          0   _printf_percent.o
         4          0          0          0          0          0   _printf_percent_end.o
        22          0          0          0          0        100   _rserrno.o
        18          0          0          0          0         80   exit.o
         8          0          0          0          0         68   ferror.o
         6          0          0          0          0        152   heapauxi.o
         2          0          0          0          0          0   libinit.o
         2          0          0          0          0          0   libinit2.o
         2          0          0          0          0          0   libshutdown.o
         2          0          0          0          0          0   libshutdown2.o
         8          4          0          0         96         68   libspace.o
       238          0          0          0          0        100   lludivv7m.o
        24          4          0          0          0         84   noretval__2printf.o
         8          4          0          0          0         68   rt_errno_addr_intlibspace.o
         2          0          0          0          0          0   rtexit.o
        10          0          0          0          0          0   rtexit2.o
        74          0          0          0          0         80   sys_stackheap_outer.o
         2          0          0          0          0         68   use_no_semi.o
         2          0          0          0          0         68   use_no_semi_2.o
       826         16          0          0          0        348   daddsub_clz.o
        16          4          0          0          0         68   dcheck1.o
        24          0          0          0          0         68   dcmpi.o
       688        140          0          0          0        208   ddiv.o
       120          4          0          0          0         92   deqf.o
        94          4          0          0          0         92   dfix.o
        90          4          0          0          0         92   dfixu.o
        84          0          0          0          0        136   dflt_clz.o
       120          4          0          0          0         92   dleqf.o
       340         12          0          0          0        104   dmul.o
       156          4          0          0          0         92   dnaninf.o
        12          0          0          0          0         68   dretinf.o
       108          0          0          0          0         80   drleqf.o
        86          4          0          0          0         84   f2d.o
       450          8          0          0          0        236   faddsub_clz.o
        24          0          0          0          0         68   fcmpi.o
       388         76          0          0          0         96   fdiv.o
        62          4          0          0          0         84   ffixu.o
        86          0          0          0          0        136   fflt_clz.o
       104          4          0          0          0         84   fleqf.o
       258          4          0          0          0         84   fmul.o
       140          4          0          0          0         84   fnaninf.o
        10          0          0          0          0         68   fretinf.o
       100          0          0          0          0         68   retnan.o
        92          0          0          0          0         68   scalbn.o
        48          0          0          0          0         68   trapv.o
         0          0          0          0          0          0   usenofp.o
        64         10          0          0          0        340   dunder.o
       644         90         88          0          0        204   exp.o
        40          0          0          0          0         68   fpclassify.o
       860         52         56          0          0        256   log.o
       170          0          0          0          0         96   poly.o
         0          0          8          0          0          0   qnan.o

    ----------------------------------------------------------------------
      7530        494        152          0         96       5176   Library Totals
        14          0          0          0          0          0   (incl. Padding)

    ----------------------------------------------------------------------

      Code (inc. data)   RO Data    RW Data    ZI Data      Debug   Library Name

      1212         46          0          0         96       1444   c_w.l
      4526        296          0          0          0       2768   fz_ws.l
      1778        152        152          0          0        964   m_ws.l

    ----------------------------------------------------------------------
      7530        494        152          0         96       5176   Library Totals

    ----------------------------------------------------------------------

==============================================================================


      Code (inc. data)   RO Data    RW Data    ZI Data      Debug   

     91390       7450      21566       5248      30288     538113   Grand Totals
     91390       7450      21566       1728      30288     538113   ELF Image Totals (compressed)
     91390       7450      21566       1728          0          0   ROM Totals

==============================================================================

    Total RO  Size (Code + RO Data)               112956 ( 110.31kB)
    Total RW  Size (RW Data + ZI Data)             35536 (  34.70kB)
    Total ROM Size (Code + RO Data + RW Data)     114684 ( 112.00kB)

==============================================================================

