<html>
<body>
<pre>
<h1>µVision Build Log</h1>
<h2>Tool Versions:</h2>
IDE-Version: ¦ÌVision V5.24.2.0
Copyright (C) 2017 ARM Ltd and ARM Germany GmbH. All rights reserved.
License Information: q QJS, q, LIC=9WSBS-LXWN2-PZLWB-2MXG5-G69J9-MXQG6
 
Tool Versions:
Toolchain:       MDK-ARM Plus  Version: 5.24.1
Toolchain Path:  C:\Keil_v5\ARM\ARMCC\Bin
C Compiler:      Armcc.exe V5.06 update 5 (build 528)
Assembler:       Armasm.exe V5.06 update 5 (build 528)
Linker/Locator:  ArmLink.exe V5.06 update 5 (build 528)
Library Manager: ArmAr.exe V5.06 update 5 (build 528)
Hex Converter:   FromElf.exe V5.06 update 5 (build 528)
CPU DLL:         SARMCM3.DLL V5.24.1
Dialog DLL:      DARMSTM.DLL V1.68.0.0
Target DLL:      Segger\JL2CM3.dll V2.99.26.0
Dialog DLL:      TARMSTM.DLL V1.66.0.0
 
<h2>Project:</h2>
F:\UCOSIIIÒÆÖ²Íê³É-¼ò\UCOSIIIÒÆÖ²\USER\Template.uvprojx
Project File Date:  01/20/2019

<h2>Output:</h2>
*** Using Compiler 'V5.06 update 5 (build 528)', folder: 'C:\Keil_v5\ARM\ARMCC\Bin'
Rebuild target 'Target 1'
compiling core_cm3.c...
assembling startup_stm32f10x_hd.s...
compiling usart.c...
compiling delay.c...
..\SYSTEM\delay\delay.h(21): warning:  #1295-D: Deprecated declaration delay_init - give arg types
  void delay_init();
..\SYSTEM\delay\delay.c: 1 warning, 0 errors
compiling system_stm32f10x.c...
compiling stm32f10x_it.c...
compiling led.c...
..\SYSTEM\delay\delay.h(21): warning:  #1295-D: Deprecated declaration delay_init - give arg types
  void delay_init();
..\HARDWARE\LED\led.c: 1 warning, 0 errors
compiling stmflash.c...
..\SYSTEM\delay\delay.h(21): warning:  #1295-D: Deprecated declaration delay_init - give arg types
  void delay_init();
..\HARDWARE\STMFLASH\stmflash.c: 1 warning, 0 errors
compiling timer.c...
..\SYSTEM\delay\delay.h(21): warning:  #1295-D: Deprecated declaration delay_init - give arg types
  void delay_init();
..\HARDWARE\TIMER\timer.c: 1 warning, 0 errors
compiling adc.c...
..\SYSTEM\delay\delay.h(21): warning:  #1295-D: Deprecated declaration delay_init - give arg types
  void delay_init();
..\HARDWARE\ADC\adc.c: 1 warning, 0 errors
compiling sys.c...
assembling cpu_a.asm...
compiling cpu_core.c...
compiling cpu_c.c...
compiling lib_math.c...
compiling lib_ascii.c...
compiling misc.c...
compiling main.c...
..\SYSTEM\delay\delay.h(21): warning:  #1295-D: Deprecated declaration delay_init - give arg types
  void delay_init();
main.c(219): warning:  #1295-D: Deprecated declaration hardware_init - give arg types
  void hardware_init();
main.c(220): warning:  #1295-D: Deprecated declaration mouseInit - give arg types
  void mouseInit();
main.c(528): warning:  #111-D: statement is unreachable
  			ledon(0);
main.c(533): warning:  #111-D: statement is unreachable
  			break;
main.c(758): warning:  #111-D: statement is unreachable
  			break;
main.c: 6 warnings, 0 errors
compiling bsp.c...
compiling stm32f10x_usart.c...
compiling stm32f10x_gpio.c...
compiling stm32f10x_rcc.c...
assembling lib_mem_a.asm...
compiling lib_str.c...
compiling os_cfg_app.c...
compiling lib_mem.c...
compiling os_core.c...
compiling os_dbg.c...
compiling os_flag.c...
compiling os_int.c...
compiling os_msg.c...
compiling os_mem.c...
compiling os_pend_multi.c...
compiling os_mutex.c...
compiling os_prio.c...
compiling os_stat.c...
compiling os_q.c...
compiling os_sem.c...
compiling os_tick.c...
assembling os_cpu_a.s...
compiling os_var.c...
compiling os_task.c...
compiling os_time.c...
compiling os_cpu_c.c...
compiling os_tmr.c...
compiling os_app_hooks.c...
compiling stratagy.c...
..\SYSTEM\delay\delay.h(21): warning:  #1295-D: Deprecated declaration delay_init - give arg types
  void delay_init();
..\STRATAGY\stratagy.c: 1 warning, 0 errors
compiling utility.c...
..\SYSTEM\delay\delay.h(21): warning:  #1295-D: Deprecated declaration delay_init - give arg types
  void delay_init();
..\UTILITY\utility.c(1635): warning:  #128-D: loop is not reachable
  		while(actionsequence[i]!=0)
..\UTILITY\utility.c: 2 warnings, 0 errors
linking...
Program Size: Code=91390 RO-data=21566 RW-data=5248 ZI-data=30288  
FromELF: creating hex file...
"..\OBJ\MALLOC.axf" - 0 Error(s), 14 Warning(s).

<h2>Software Packages used:</h2>

Package Vendor: Keil
                http://www.keil.com/pack/Keil.STM32F1xx_DFP.2.1.0.pack
                Keil.STM32F1xx_DFP.2.1.0
                STMicroelectronics STM32F1 Series Device Support, Drivers and Examples

<h2>Collection of Component include folders:</h2>
  .\RTE\_Target_1
  C:\Keil_v5\ARM\PACK\Keil\STM32F1xx_DFP\2.1.0\Device\Include

<h2>Collection of Component Files used:</h2>
Build Time Elapsed:  00:00:04
</pre>
</body>
</html>
